// Jest Snapshot v1, https://goo.gl/fbAQLP

exports[`<OrderTable/> should render <OrderTable/> correctly 1`] = `ShallowWrapper {}`;
