// Jest Snapshot v1, https://goo.gl/fbAQLP

exports[`<Person/> should render <PizzaPortion/> correctly 1`] = `ShallowWrapper {}`;
