// Jest Snapshot v1, https://goo.gl/fbAQLP

exports[`<PizzaSlice/> should render <PizzaSlice/> correctly 1`] = `ShallowWrapper {}`;
