// Jest Snapshot v1, https://goo.gl/fbAQLP

exports[`<Person/> should render <PizzaSlice/> correctly 1`] = `ShallowWrapper {}`;
