// Jest Snapshot v1, https://goo.gl/fbAQLP

exports[`<CounterButton/> should render <CounterButton/> correctly 1`] = `ShallowWrapper {}`;
